// Jest Snapshot v1, https://goo.gl/fbAQLP

exports[`snapshot test 1`] = `
Object {
  "Parameters": Object {
    "AssetParameters55d401d24f99ce3e2bdad32dc5a32a2d9abc8974fbb7b0c524a224e06eea3299ArtifactHash488EA16A": Object {
      "Description": "Artifact hash for asset \\"55d401d24f99ce3e2bdad32dc5a32a2d9abc8974fbb7b0c524a224e06eea3299\\"",
      "Type": "String",
    },
    "AssetParameters55d401d24f99ce3e2bdad32dc5a32a2d9abc8974fbb7b0c524a224e06eea3299S3Bucket9A1058FD": Object {
      "Description": "S3 bucket for asset \\"55d401d24f99ce3e2bdad32dc5a32a2d9abc8974fbb7b0c524a224e06eea3299\\"",
      "Type": "String",
    },
    "AssetParameters55d401d24f99ce3e2bdad32dc5a32a2d9abc8974fbb7b0c524a224e06eea3299S3VersionKeyDAF010CE": Object {
      "Description": "S3 key for asset version \\"55d401d24f99ce3e2bdad32dc5a32a2d9abc8974fbb7b0c524a224e06eea3299\\"",
      "Type": "String",
    },
  },
  "Resources": Object {
    "DriftMonitorDetectDriftLambdaA61B53C6": Object {
      "DependsOn": Array [
        "DriftMonitorDetectDriftLambdaServiceRole87269CEC",
      ],
      "Properties": Object {
        "Code": Object {
          "S3Bucket": Object {
            "Ref": "AssetParameters55d401d24f99ce3e2bdad32dc5a32a2d9abc8974fbb7b0c524a224e06eea3299S3Bucket9A1058FD",
          },
          "S3Key": Object {
            "Fn::Join": Array [
              "",
              Array [
                Object {
                  "Fn::Select": Array [
                    0,
                    Object {
                      "Fn::Split": Array [
                        "||",
                        Object {
                          "Ref": "AssetParameters55d401d24f99ce3e2bdad32dc5a32a2d9abc8974fbb7b0c524a224e06eea3299S3VersionKeyDAF010CE",
                        },
                      ],
                    },
                  ],
                },
                Object {
                  "Fn::Select": Array [
                    1,
                    Object {
                      "Fn::Split": Array [
                        "||",
                        Object {
                          "Ref": "AssetParameters55d401d24f99ce3e2bdad32dc5a32a2d9abc8974fbb7b0c524a224e06eea3299S3VersionKeyDAF010CE",
                        },
                      ],
                    },
                  ],
                },
              ],
            ],
          },
        },
        "Environment": Object {
          "Variables": Object {
            "metricNamespace": "DriftMonitor",
            "stackNames": "stack1,stack2",
          },
        },
        "Handler": "detect-drift.handler",
        "Role": Object {
          "Fn::GetAtt": Array [
            "DriftMonitorDetectDriftLambdaServiceRole87269CEC",
            "Arn",
          ],
        },
        "Runtime": "nodejs14.x",
        "Timeout": 60,
      },
      "Type": "AWS::Lambda::Function",
    },
    "DriftMonitorDetectDriftLambdaPolicy70CDFE48": Object {
      "Properties": Object {
        "PolicyDocument": Object {
          "Statement": Array [
            Object {
              "Action": Array [
                "cloudformation:ListStackResources",
                "cloudformation:DescribeStackDriftDetectionStatus",
                "cloudformation:DetectStackDrift",
                "cloudformation:DetectStackResourceDrift",
                "cloudwatch:PutMetricData",
              ],
              "Effect": "Allow",
              "Resource": "*",
            },
            Object {
              "Action": Array [
                "a4b:List*",
                "access-analyzer:ListAccessPreviewFindings",
                "access-analyzer:ListAccessPreviews",
                "access-analyzer:ListAnalyzedResources",
                "access-analyzer:ListAnalyzers",
                "access-analyzer:ListArchiveRules",
                "access-analyzer:ListFindings",
                "access-analyzer:ListTagsForResource",
                "acm-pca:Describe*",
                "acm-pca:List*",
                "acm:Describe*",
                "acm:List*",
                "amplify:ListApps",
                "amplify:ListBranches",
                "amplify:ListDomainAssociations",
                "amplify:ListJobs",
                "application-autoscaling:Describe*",
                "applicationinsights:Describe*",
                "applicationinsights:List*",
                "appmesh:Describe*",
                "appmesh:List*",
                "appstream:Describe*",
                "appstream:List*",
                "appsync:List*",
                "athena:List*",
                "autoscaling-plans:Describe*",
                "autoscaling:Describe*",
                "backup:Describe*",
                "backup:List*",
                "batch:Describe*",
                "batch:List*",
                "budgets:Describe*",
                "chatbot:Describe*",
                "chime:List*",
                "cloud9:Describe*",
                "cloud9:List*",
                "clouddirectory:List*",
                "cloudformation:Describe*",
                "cloudformation:List*",
                "cloudfront:List*",
                "cloudhsm:Describe*",
                "cloudhsm:List*",
                "cloudsearch:Describe*",
                "cloudsearch:List*",
                "cloudtrail:Describe*",
                "cloudtrail:List*",
                "cloudwatch:Describe*",
                "cloudwatch:List*",
                "codeartifact:DescribeDomain",
                "codeartifact:DescribePackageVersion",
                "codeartifact:DescribeRepository",
                "codeartifact:ListDomains",
                "codeartifact:ListPackages",
                "codeartifact:ListPackageVersionAssets",
                "codeartifact:ListPackageVersionDependencies",
                "codeartifact:ListPackageVersions",
                "codeartifact:ListRepositories",
                "codeartifact:ListRepositoriesInDomain",
                "codeartifact:ListTagsForResource",
                "codebuild:DescribeCodeCoverages",
                "codebuild:DescribeTestCases",
                "codebuild:List*",
                "codecommit:Describe*",
                "codecommit:List*",
                "codedeploy:List*",
                "codeguru-profiler:Describe*",
                "codeguru-profiler:List*",
                "codeguru-reviewer:Describe*",
                "codeguru-reviewer:List*",
                "codepipeline:List*",
                "codestar-notifications:describeNotificationRule",
                "codestar-notifications:listEventTypes",
                "codestar-notifications:listNotificationRules",
                "codestar-notifications:listTagsForResource",
                "codestar-notifications:ListTargets",
                "codestar:Describe*",
                "codestar:List*",
                "cognito-identity:Describe*",
                "cognito-identity:List*",
                "cognito-idp:AdminList*",
                "cognito-idp:Describe*",
                "cognito-idp:List*",
                "cognito-sync:Describe*",
                "cognito-sync:List*",
                "compute-optimizer:DescribeRecommendationExportJobs",
                "config:Describe*",
                "config:List*",
                "connect:Describe*",
                "connect:List*",
                "dataexchange:List*",
                "datapipeline:Describe*",
                "datapipeline:List*",
                "datasync:Describe*",
                "datasync:List*",
                "dax:Describe*",
                "dax:ListTags",
                "deepcomposer:ListCompositions",
                "deepcomposer:ListModels",
                "deepcomposer:ListSampleModels",
                "deepcomposer:ListTrainingTopics",
                "detective:List*",
                "devicefarm:List*",
                "devops-guru:DescribeAccountHealth",
                "devops-guru:DescribeAccountOverview",
                "devops-guru:DescribeAnomaly",
                "devops-guru:DescribeInsight",
                "devops-guru:DescribeResourceCollectionHealth",
                "devops-guru:DescribeServiceIntegration",
                "devops-guru:ListAnomaliesForInsight",
                "devops-guru:ListEvents",
                "devops-guru:ListInsights",
                "devops-guru:ListNotificationChannels",
                "devops-guru:ListRecommendations",
                "directconnect:Describe*",
                "discovery:Describe*",
                "discovery:List*",
                "dms:Describe*",
                "dms:List*",
                "ds:Describe*",
                "ds:List*",
                "dynamodb:Describe*",
                "dynamodb:List*",
                "ec2:Describe*",
                "ecr:Describe*",
                "ecr:List*",
                "ecs:Describe*",
                "ecs:List*",
                "eks:Describe*",
                "eks:List*",
                "elasticache:Describe*",
                "elasticache:List*",
                "elasticbeanstalk:Describe*",
                "elasticbeanstalk:List*",
                "elasticfilesystem:Describe*",
                "elasticloadbalancing:Describe*",
                "elasticmapreduce:Describe*",
                "elasticmapreduce:List*",
                "elastictranscoder:List*",
                "elemental-appliances-software:List*",
                "es:Describe*",
                "es:List*",
                "events:Describe*",
                "events:List*",
                "firehose:Describe*",
                "firehose:List*",
                "fis:ListActions",
                "fis:ListExperiments",
                "fis:ListExperimentTemplates",
                "fis:ListTagsForResource",
                "fms:ListAppsLists",
                "fms:ListComplianceStatus",
                "fms:ListMemberAccounts",
                "fms:ListPolicies",
                "fms:ListProtocolsLists",
                "fms:ListTagsForResource",
                "forecast:DescribeDataset",
                "forecast:DescribeDatasetGroup",
                "forecast:DescribeDatasetImportJob",
                "forecast:DescribeForecast",
                "forecast:DescribeForecastExportJob",
                "forecast:DescribePredictor",
                "forecast:DescribePredictorBacktestExportJob",
                "forecast:ListDatasetGroups",
                "forecast:ListDatasetImportJobs",
                "forecast:ListDatasets",
                "forecast:ListForecastExportJobs",
                "forecast:ListForecasts",
                "forecast:ListPredictorBacktestExportJobs",
                "forecast:ListPredictors",
                "freertos:Describe*",
                "freertos:List*",
                "fsx:Describe*",
                "fsx:List*",
                "gamelift:Describe*",
                "gamelift:List*",
                "glacier:Describe*",
                "glacier:List*",
                "globalaccelerator:Describe*",
                "globalaccelerator:List*",
                "glue:ListCrawlers",
                "glue:ListDevEndpoints",
                "glue:ListJobs",
                "glue:ListMLTransforms",
                "glue:ListRegistries",
                "glue:ListSchemas",
                "glue:ListSchemaVersions",
                "glue:ListTriggers",
                "glue:ListWorkflows",
                "greengrass:DescribeComponent",
                "greengrass:List*",
                "guardduty:DescribeOrganizationConfiguration",
                "guardduty:DescribePublishingDestination",
                "guardduty:List*",
                "health:Describe*",
                "iam:List*",
                "imagebuilder:List*",
                "importexport:List*",
                "inspector:Describe*",
                "inspector:List*",
                "iot:Describe*",
                "iot:List*",
                "iotanalytics:Describe*",
                "iotanalytics:List*",
                "iotfleethub:DescribeApplication",
                "iotfleethub:ListApplications",
                "iotsitewise:Describe*",
                "iotsitewise:List*",
                "iotwireless:ListDestinations",
                "iotwireless:ListDeviceProfiles",
                "iotwireless:ListPartnerAccounts",
                "iotwireless:ListServiceProfiles",
                "iotwireless:ListTagsForResource",
                "iotwireless:ListWirelessDevices",
                "iotwireless:ListWirelessGateways",
                "iotwireless:ListWirelessGatewayTaskDefinitions",
                "ivs:ListChannels",
                "ivs:ListPlaybackKeyPairs",
                "ivs:ListStreams",
                "ivs:ListTagsForResource",
                "kafka:Describe*",
                "kafka:List*",
                "kendra:DescribeDataSource",
                "kendra:DescribeFaq",
                "kendra:DescribeIndex",
                "kendra:DescribeThesaurus",
                "kendra:ListDataSources",
                "kendra:ListDataSourceSyncJobs",
                "kendra:ListFaqs",
                "kendra:ListIndices",
                "kendra:ListTagsForResource",
                "kendra:ListThesauri",
                "kinesis:Describe*",
                "kinesis:List*",
                "kinesisanalytics:Describe*",
                "kinesisanalytics:List*",
                "kinesisvideo:Describe*",
                "kinesisvideo:List*",
                "kms:Describe*",
                "kms:List*",
                "lambda:List*",
                "license-manager:List*",
                "logs:Describe*",
                "logs:ListTagsLogGroup",
                "machinelearning:Describe*",
                "mediaconvert:DescribeEndpoints",
                "mediaconvert:List*",
                "mediapackage:Describe*",
                "mediapackage:List*",
                "mgh:Describe*",
                "mgh:List*",
                "mobilehub:Describe*",
                "mobilehub:List*",
                "mobiletargeting:List*",
                "mq:Describe*",
                "mq:List*",
                "network-firewall:DescribeFirewall",
                "network-firewall:DescribeFirewallPolicy",
                "network-firewall:DescribeLoggingConfiguration",
                "network-firewall:DescribeResourcePolicy",
                "network-firewall:DescribeRuleGroup",
                "network-firewall:ListFirewallPolicies",
                "network-firewall:ListFirewalls",
                "network-firewall:ListRuleGroups",
                "network-firewall:ListTagsForResource",
                "networkmanager:DescribeGlobalNetworks",
                "opsworks-cm:Describe*",
                "opsworks-cm:List*",
                "opsworks:Describe*",
                "organizations:Describe*",
                "organizations:List*",
                "outposts:List*",
                "personalize:Describe*",
                "personalize:List*",
                "pi:DescribeDimensionKeys",
                "polly:Describe*",
                "polly:List*",
                "qldb:DescribeJournalS3Export",
                "qldb:DescribeLedger",
                "qldb:ListJournalS3Exports",
                "qldb:ListJournalS3ExportsForLedger",
                "qldb:ListLedgers",
                "qldb:ListTagsForResource",
                "ram:List*",
                "rds:Describe*",
                "rds:List*",
                "redshift:Describe*",
                "rekognition:List*",
                "resource-groups:List*",
                "robomaker:BatchDescribe*",
                "robomaker:Describe*",
                "robomaker:List*",
                "route53:List*",
                "route53domains:List*",
                "route53resolver:List*",
                "s3:DescribeJob",
                "s3:List*",
                "sagemaker:Describe*",
                "sagemaker:List*",
                "savingsplans:DescribeSavingsPlanRates",
                "savingsplans:DescribeSavingsPlans",
                "savingsplans:DescribeSavingsPlansOfferingRates",
                "savingsplans:DescribeSavingsPlansOfferings",
                "savingsplans:ListTagsForResource",
                "schemas:Describe*",
                "schemas:List*",
                "sdb:List*",
                "secretsmanager:Describe*",
                "secretsmanager:List*",
                "securityhub:Describe*",
                "securityhub:List*",
                "serverlessrepo:List*",
                "servicecatalog:Describe*",
                "servicecatalog:List*",
                "servicediscovery:List*",
                "servicequotas:ListAWSDefaultServiceQuotas",
                "servicequotas:ListRequestedServiceQuotaChangeHistory",
                "servicequotas:ListRequestedServiceQuotaChangeHistoryByQuota",
                "servicequotas:ListServiceQuotaIncreaseRequestsInTemplate",
                "servicequotas:ListServiceQuotas",
                "servicequotas:ListServices",
                "ses:Describe*",
                "ses:List*",
                "shield:Describe*",
                "shield:List*",
                "signer:DescribeSigningJob",
                "signer:ListProfilePermissions",
                "signer:ListSigningJobs",
                "signer:ListSigningPlatforms",
                "signer:ListSigningProfiles",
                "signer:ListTagsForResource",
                "snowball:Describe*",
                "snowball:List*",
                "sns:List*",
                "sqs:List*",
                "ssm:Describe*",
                "ssm:List*",
                "sso-directory:Describe*",
                "sso-directory:List*",
                "sso:Describe*",
                "sso:List*",
                "states:Describe*",
                "states:List*",
                "storagegateway:Describe*",
                "storagegateway:List*",
                "swf:Describe*",
                "swf:List*",
                "synthetics:Describe*",
                "synthetics:List*",
                "transcribe:List*",
                "transfer:Describe*",
                "transfer:List*",
                "trustedadvisor:Describe*",
                "waf-regional:List*",
                "waf:List*",
                "wafv2:Describe*",
                "wafv2:List*",
                "workdocs:Describe*",
                "worklink:Describe*",
                "worklink:List*",
                "workmail:Describe*",
                "workmail:List*",
                "workspaces:Describe*",
              ],
              "Effect": "Allow",
              "Resource": "*",
            },
          ],
          "Version": "2012-10-17",
        },
        "PolicyName": "DetectDriftLambdaPolicy",
        "Roles": Array [
          Object {
            "Ref": "DriftMonitorDetectDriftLambdaServiceRole87269CEC",
          },
        ],
      },
      "Type": "AWS::IAM::Policy",
    },
    "DriftMonitorDetectDriftLambdaServiceRole87269CEC": Object {
      "Properties": Object {
        "AssumeRolePolicyDocument": Object {
          "Statement": Array [
            Object {
              "Action": "sts:AssumeRole",
              "Effect": "Allow",
              "Principal": Object {
                "Service": "lambda.amazonaws.com",
              },
            },
          ],
          "Version": "2012-10-17",
        },
        "ManagedPolicyArns": Array [
          Object {
            "Fn::Join": Array [
              "",
              Array [
                "arn:",
                Object {
                  "Ref": "AWS::Partition",
                },
                ":iam::aws:policy/service-role/AWSLambdaBasicExecutionRole",
              ],
            ],
          },
        ],
      },
      "Type": "AWS::IAM::Role",
    },
    "DriftMonitorDetectDriftRule5AE041FA": Object {
      "Properties": Object {
        "ScheduleExpression": "rate(1 hour)",
        "State": "ENABLED",
        "Targets": Array [
          Object {
            "Arn": Object {
              "Fn::GetAtt": Array [
                "DriftMonitorDetectDriftLambdaA61B53C6",
                "Arn",
              ],
            },
            "Id": "Target0",
          },
        ],
      },
      "Type": "AWS::Events::Rule",
    },
    "DriftMonitorDetectDriftRuleAllowEventRuleDriftMonitorDetectDriftLambdaC022EEF938D7C05C": Object {
      "Properties": Object {
        "Action": "lambda:InvokeFunction",
        "FunctionName": Object {
          "Fn::GetAtt": Array [
            "DriftMonitorDetectDriftLambdaA61B53C6",
            "Arn",
          ],
        },
        "Principal": "events.amazonaws.com",
        "SourceArn": Object {
          "Fn::GetAtt": Array [
            "DriftMonitorDetectDriftRule5AE041FA",
            "Arn",
          ],
        },
      },
      "Type": "AWS::Lambda::Permission",
    },
    "DriftMonitorDriftAlarm6112DE20": Object {
      "Properties": Object {
        "AlarmName": "DriftDetected",
        "ComparisonOperator": "GreaterThanThreshold",
        "EvaluationPeriods": 1,
        "MetricName": "DriftedStacks",
        "Namespace": "DriftMonitor",
        "Period": 3600,
        "Statistic": "Average",
        "Threshold": 0,
        "TreatMissingData": "ignore",
        "Unit": "Count",
      },
      "Type": "AWS::CloudWatch::Alarm",
    },
  },
}
`;
