// Jest Snapshot v1, https://goo.gl/fbAQLP

exports[`snapshot test 1`] = `
Object {
  "Parameters": Object {
    "AssetParametersb79f782bb11ac72316a172bb144c65258005270072128138bd8470e542008c98ArtifactHash91743651": Object {
      "Description": "Artifact hash for asset \\"b79f782bb11ac72316a172bb144c65258005270072128138bd8470e542008c98\\"",
      "Type": "String",
    },
    "AssetParametersb79f782bb11ac72316a172bb144c65258005270072128138bd8470e542008c98S3BucketA7831358": Object {
      "Description": "S3 bucket for asset \\"b79f782bb11ac72316a172bb144c65258005270072128138bd8470e542008c98\\"",
      "Type": "String",
    },
    "AssetParametersb79f782bb11ac72316a172bb144c65258005270072128138bd8470e542008c98S3VersionKeyAB085785": Object {
      "Description": "S3 key for asset version \\"b79f782bb11ac72316a172bb144c65258005270072128138bd8470e542008c98\\"",
      "Type": "String",
    },
  },
  "Resources": Object {
    "DriftMonitorDetectDriftLambdaA61B53C6": Object {
      "DependsOn": Array [
        "DriftMonitorDetectDriftLambdaServiceRole87269CEC",
      ],
      "Properties": Object {
        "Code": Object {
          "S3Bucket": Object {
            "Ref": "AssetParametersb79f782bb11ac72316a172bb144c65258005270072128138bd8470e542008c98S3BucketA7831358",
          },
          "S3Key": Object {
            "Fn::Join": Array [
              "",
              Array [
                Object {
                  "Fn::Select": Array [
                    0,
                    Object {
                      "Fn::Split": Array [
                        "||",
                        Object {
                          "Ref": "AssetParametersb79f782bb11ac72316a172bb144c65258005270072128138bd8470e542008c98S3VersionKeyAB085785",
                        },
                      ],
                    },
                  ],
                },
                Object {
                  "Fn::Select": Array [
                    1,
                    Object {
                      "Fn::Split": Array [
                        "||",
                        Object {
                          "Ref": "AssetParametersb79f782bb11ac72316a172bb144c65258005270072128138bd8470e542008c98S3VersionKeyAB085785",
                        },
                      ],
                    },
                  ],
                },
              ],
            ],
          },
        },
        "Environment": Object {
          "Variables": Object {
            "metricNamespace": "DriftMonitor",
            "stackNames": "stack1,stack2",
          },
        },
        "Handler": "detect-drift.handler",
        "Role": Object {
          "Fn::GetAtt": Array [
            "DriftMonitorDetectDriftLambdaServiceRole87269CEC",
            "Arn",
          ],
        },
        "Runtime": "nodejs14.x",
        "Timeout": 300,
      },
      "Type": "AWS::Lambda::Function",
    },
    "DriftMonitorDetectDriftLambdaServiceRole87269CEC": Object {
      "Properties": Object {
        "AssumeRolePolicyDocument": Object {
          "Statement": Array [
            Object {
              "Action": "sts:AssumeRole",
              "Effect": "Allow",
              "Principal": Object {
                "Service": "lambda.amazonaws.com",
              },
            },
          ],
          "Version": "2012-10-17",
        },
        "ManagedPolicyArns": Array [
          Object {
            "Fn::Join": Array [
              "",
              Array [
                "arn:",
                Object {
                  "Ref": "AWS::Partition",
                },
                ":iam::aws:policy/service-role/AWSLambdaBasicExecutionRole",
              ],
            ],
          },
          Object {
            "Fn::Join": Array [
              "",
              Array [
                "arn:",
                Object {
                  "Ref": "AWS::Partition",
                },
                ":iam::aws:policy/ReadOnlyAccess",
              ],
            ],
          },
        ],
      },
      "Type": "AWS::IAM::Role",
    },
    "DriftMonitorDetectDriftRule5AE041FA": Object {
      "Properties": Object {
        "ScheduleExpression": "rate(1 hour)",
        "State": "ENABLED",
        "Targets": Array [
          Object {
            "Arn": Object {
              "Fn::GetAtt": Array [
                "DriftMonitorDetectDriftLambdaA61B53C6",
                "Arn",
              ],
            },
            "Id": "Target0",
          },
        ],
      },
      "Type": "AWS::Events::Rule",
    },
    "DriftMonitorDetectDriftRuleAllowEventRuleDriftMonitorDetectDriftLambdaC022EEF938D7C05C": Object {
      "Properties": Object {
        "Action": "lambda:InvokeFunction",
        "FunctionName": Object {
          "Fn::GetAtt": Array [
            "DriftMonitorDetectDriftLambdaA61B53C6",
            "Arn",
          ],
        },
        "Principal": "events.amazonaws.com",
        "SourceArn": Object {
          "Fn::GetAtt": Array [
            "DriftMonitorDetectDriftRule5AE041FA",
            "Arn",
          ],
        },
      },
      "Type": "AWS::Lambda::Permission",
    },
    "DriftMonitorDriftAlarm6112DE20": Object {
      "Properties": Object {
        "AlarmName": "DriftDetected",
        "ComparisonOperator": "GreaterThanThreshold",
        "EvaluationPeriods": 1,
        "MetricName": "DriftedStacks",
        "Namespace": "DriftMonitor",
        "Period": 3600,
        "Statistic": "Average",
        "Threshold": 0,
        "TreatMissingData": "ignore",
        "Unit": "Count",
      },
      "Type": "AWS::CloudWatch::Alarm",
    },
    "DriftMonitorLambdaHandlerPolicyE289F360": Object {
      "Properties": Object {
        "PolicyDocument": Object {
          "Statement": Array [
            Object {
              "Action": Array [
                "cloudformation:ListStackResources",
                "cloudformation:DescribeStackDriftDetectionStatus",
                "cloudformation:DetectStackDrift",
                "cloudformation:DetectStackResourceDrift",
                "cloudwatch:PutMetricData",
              ],
              "Effect": "Allow",
              "Resource": "*",
            },
          ],
          "Version": "2012-10-17",
        },
        "PolicyName": "DetectDriftLambdaPolicy",
        "Roles": Array [
          Object {
            "Ref": "DriftMonitorDetectDriftLambdaServiceRole87269CEC",
          },
        ],
      },
      "Type": "AWS::IAM::Policy",
    },
  },
}
`;
